{
   "HELLO_WORLD": "Hola món",
   "INTRO": "Introducció",
   "DESCRIPTION": "Descripció"
}