{
   "HELLO_WORLD": "Hola mundo",
   "INTRO": "Introducción",
   "DESCRIPTION": "Descripción"
}