{
   "HELLO_WORLD": "Hello world",
   "INTRO": "Introduction",
   "DESCRIPTION": "Description"
}